------------------------------------------------------------
TimeQuest Timing Analyzer Summary
------------------------------------------------------------

Type  : Slow 1200mV 85C Model Setup 'HiddenLayer:download|state[1]'
Slack : -1.787
TNS   : -6.539

Type  : Slow 1200mV 85C Model Setup 'KEY[3]'
Slack : -0.188
TNS   : -0.188

Type  : Slow 1200mV 85C Model Hold 'HiddenLayer:download|state[1]'
Slack : -0.868
TNS   : -2.431

Type  : Slow 1200mV 85C Model Hold 'KEY[3]'
Slack : -0.365
TNS   : -1.091

Type  : Slow 1200mV 85C Model Minimum Pulse Width 'KEY[3]'
Slack : -3.000
TNS   : -8.140

Type  : Slow 1200mV 85C Model Minimum Pulse Width 'CLOCK_50'
Slack : -3.000
TNS   : -4.285

Type  : Slow 1200mV 85C Model Minimum Pulse Width 'HiddenLayer:download|state[1]'
Slack : 0.377
TNS   : 0.000

Type  : Slow 1200mV 0C Model Setup 'HiddenLayer:download|state[1]'
Slack : -1.709
TNS   : -6.342

Type  : Slow 1200mV 0C Model Setup 'KEY[3]'
Slack : 0.078
TNS   : 0.000

Type  : Slow 1200mV 0C Model Hold 'HiddenLayer:download|state[1]'
Slack : -0.653
TNS   : -1.784

Type  : Slow 1200mV 0C Model Hold 'KEY[3]'
Slack : -0.525
TNS   : -1.572

Type  : Slow 1200mV 0C Model Minimum Pulse Width 'KEY[3]'
Slack : -3.000
TNS   : -8.140

Type  : Slow 1200mV 0C Model Minimum Pulse Width 'CLOCK_50'
Slack : -3.000
TNS   : -4.285

Type  : Slow 1200mV 0C Model Minimum Pulse Width 'HiddenLayer:download|state[1]'
Slack : 0.311
TNS   : 0.000

Type  : Fast 1200mV 0C Model Setup 'HiddenLayer:download|state[1]'
Slack : -0.200
TNS   : -0.496

Type  : Fast 1200mV 0C Model Setup 'KEY[3]'
Slack : 0.235
TNS   : 0.000

Type  : Fast 1200mV 0C Model Hold 'HiddenLayer:download|state[1]'
Slack : -0.637
TNS   : -1.841

Type  : Fast 1200mV 0C Model Hold 'KEY[3]'
Slack : -0.022
TNS   : -0.064

Type  : Fast 1200mV 0C Model Minimum Pulse Width 'KEY[3]'
Slack : -3.000
TNS   : -12.148

Type  : Fast 1200mV 0C Model Minimum Pulse Width 'CLOCK_50'
Slack : -3.000
TNS   : -4.951

Type  : Fast 1200mV 0C Model Minimum Pulse Width 'HiddenLayer:download|state[1]'
Slack : 0.451
TNS   : 0.000

------------------------------------------------------------
