Analysis & Synthesis report for DrowsinessDetector
Fri Dec 15 16:09:02 2017
Quartus II Version 10.0 Build 218 06/27/2010 SJ Web Edition


---------------------
; Table of Contents ;
---------------------
  1. Legal Notice
  2. Analysis & Synthesis Summary
  3. Analysis & Synthesis Settings
  4. Parallel Compilation
  5. Analysis & Synthesis Source Files Read
  6. Analysis & Synthesis Resource Usage Summary
  7. Analysis & Synthesis Resource Utilization by Entity
  8. State Machine - |DrowsinessDetector|state
  9. User-Specified and Inferred Latches
 10. Registers Removed During Synthesis
 11. General Register Statistics
 12. Inverted Register Statistics
 13. Multiplexer Restructuring Statistics (Restructuring Performed)
 14. Parameter Settings for User Entity Instance: Top-level Entity: |DrowsinessDetector
 15. Port Connectivity Checks: "WeightRAM:ram"
 16. Port Connectivity Checks: "counter:count65"
 17. Port Connectivity Checks: "HiddenLayer_top:getMul"
 18. Analysis & Synthesis Messages



----------------
; Legal Notice ;
----------------
Copyright (C) 1991-2010 Altera Corporation
Your use of Altera Corporation's design tools, logic functions 
and other software and tools, and its AMPP partner logic 
functions, and any output files from any of the foregoing 
(including device programming or simulation files), and any 
associated documentation or information are expressly subject 
to the terms and conditions of the Altera Program License 
Subscription Agreement, Altera MegaCore Function License 
Agreement, or other applicable license agreement, including, 
without limitation, that your use is for the sole purpose of 
programming logic devices manufactured by Altera and sold by 
Altera or its authorized distributors.  Please refer to the 
applicable agreement for further details.



+-------------------------------------------------------------------------------+
; Analysis & Synthesis Summary                                                  ;
+------------------------------------+------------------------------------------+
; Analysis & Synthesis Status        ; Successful - Fri Dec 15 16:09:02 2017    ;
; Quartus II Version                 ; 10.0 Build 218 06/27/2010 SJ Web Edition ;
; Revision Name                      ; DrowsinessDetector                       ;
; Top-level Entity Name              ; DrowsinessDetector                       ;
; Family                             ; Cyclone IV E                             ;
; Total logic elements               ; 2,327                                    ;
;     Total combinational functions  ; 1,049                                    ;
;     Dedicated logic registers      ; 1,314                                    ;
; Total registers                    ; 1314                                     ;
; Total pins                         ; 133                                      ;
; Total virtual pins                 ; 0                                        ;
; Total memory bits                  ; 0                                        ;
; Embedded Multiplier 9-bit elements ; 0                                        ;
; Total PLLs                         ; 0                                        ;
+------------------------------------+------------------------------------------+


+----------------------------------------------------------------------------------------------------------------------+
; Analysis & Synthesis Settings                                                                                        ;
+----------------------------------------------------------------------------+--------------------+--------------------+
; Option                                                                     ; Setting            ; Default Value      ;
+----------------------------------------------------------------------------+--------------------+--------------------+
; Device                                                                     ; EP4CE115F29C7      ;                    ;
; Top-level entity name                                                      ; DrowsinessDetector ; DrowsinessDetector ;
; Family name                                                                ; Cyclone IV E       ; Stratix II         ;
; Use smart compilation                                                      ; Off                ; Off                ;
; Enable parallel Assembler and TimeQuest Timing Analyzer during compilation ; On                 ; On                 ;
; Enable compact report table                                                ; Off                ; Off                ;
; Restructure Multiplexers                                                   ; Auto               ; Auto               ;
; Create Debugging Nodes for IP Cores                                        ; Off                ; Off                ;
; Preserve fewer node names                                                  ; On                 ; On                 ;
; Disable OpenCore Plus hardware evaluation                                  ; Off                ; Off                ;
; Verilog Version                                                            ; Verilog_2001       ; Verilog_2001       ;
; VHDL Version                                                               ; VHDL_1993          ; VHDL_1993          ;
; State Machine Processing                                                   ; Auto               ; Auto               ;
; Safe State Machine                                                         ; Off                ; Off                ;
; Extract Verilog State Machines                                             ; On                 ; On                 ;
; Extract VHDL State Machines                                                ; On                 ; On                 ;
; Ignore Verilog initial constructs                                          ; Off                ; Off                ;
; Iteration limit for constant Verilog loops                                 ; 5000               ; 5000               ;
; Iteration limit for non-constant Verilog loops                             ; 250                ; 250                ;
; Add Pass-Through Logic to Inferred RAMs                                    ; On                 ; On                 ;
; Parallel Synthesis                                                         ; On                 ; On                 ;
; DSP Block Balancing                                                        ; Auto               ; Auto               ;
; NOT Gate Push-Back                                                         ; On                 ; On                 ;
; Power-Up Don't Care                                                        ; On                 ; On                 ;
; Remove Redundant Logic Cells                                               ; Off                ; Off                ;
; Remove Duplicate Registers                                                 ; On                 ; On                 ;
; Ignore CARRY Buffers                                                       ; Off                ; Off                ;
; Ignore CASCADE Buffers                                                     ; Off                ; Off                ;
; Ignore GLOBAL Buffers                                                      ; Off                ; Off                ;
; Ignore ROW GLOBAL Buffers                                                  ; Off                ; Off                ;
; Ignore LCELL Buffers                                                       ; Off                ; Off                ;
; Ignore SOFT Buffers                                                        ; On                 ; On                 ;
; Limit AHDL Integers to 32 Bits                                             ; Off                ; Off                ;
; Optimization Technique                                                     ; Balanced           ; Balanced           ;
; Carry Chain Length                                                         ; 70                 ; 70                 ;
; Auto Carry Chains                                                          ; On                 ; On                 ;
; Auto Open-Drain Pins                                                       ; On                 ; On                 ;
; Perform WYSIWYG Primitive Resynthesis                                      ; Off                ; Off                ;
; Auto ROM Replacement                                                       ; On                 ; On                 ;
; Auto RAM Replacement                                                       ; On                 ; On                 ;
; Auto DSP Block Replacement                                                 ; On                 ; On                 ;
; Auto Shift Register Replacement                                            ; Auto               ; Auto               ;
; Auto Clock Enable Replacement                                              ; On                 ; On                 ;
; Strict RAM Replacement                                                     ; Off                ; Off                ;
; Allow Synchronous Control Signals                                          ; On                 ; On                 ;
; Force Use of Synchronous Clear Signals                                     ; Off                ; Off                ;
; Auto RAM Block Balancing                                                   ; On                 ; On                 ;
; Auto RAM to Logic Cell Conversion                                          ; Off                ; Off                ;
; Auto Resource Sharing                                                      ; Off                ; Off                ;
; Allow Any RAM Size For Recognition                                         ; Off                ; Off                ;
; Allow Any ROM Size For Recognition                                         ; Off                ; Off                ;
; Allow Any Shift Register Size For Recognition                              ; Off                ; Off                ;
; Use LogicLock Constraints during Resource Balancing                        ; On                 ; On                 ;
; Ignore translate_off and synthesis_off directives                          ; Off                ; Off                ;
; Timing-Driven Synthesis                                                    ; On                 ; On                 ;
; Report Parameter Settings                                                  ; On                 ; On                 ;
; Report Source Assignments                                                  ; On                 ; On                 ;
; Report Connectivity Checks                                                 ; On                 ; On                 ;
; Ignore Maximum Fan-Out Assignments                                         ; Off                ; Off                ;
; Synchronization Register Chain Length                                      ; 2                  ; 2                  ;
; PowerPlay Power Optimization                                               ; Normal compilation ; Normal compilation ;
; HDL message level                                                          ; Level2             ; Level2             ;
; Suppress Register Optimization Related Messages                            ; Off                ; Off                ;
; Number of Removed Registers Reported in Synthesis Report                   ; 5000               ; 5000               ;
; Number of Inverted Registers Reported in Synthesis Report                  ; 100                ; 100                ;
; Clock MUX Protection                                                       ; On                 ; On                 ;
; Auto Gated Clock Conversion                                                ; Off                ; Off                ;
; Block Design Naming                                                        ; Auto               ; Auto               ;
; SDC constraint protection                                                  ; Off                ; Off                ;
; Synthesis Effort                                                           ; Auto               ; Auto               ;
; Shift Register Replacement - Allow Asynchronous Clear Signal               ; On                 ; On                 ;
; Analysis & Synthesis Message Level                                         ; Medium             ; Medium             ;
; Disable Register Merging Across Hierarchies                                ; Auto               ; Auto               ;
; Resource Aware Inference For Block RAM                                     ; On                 ; On                 ;
; Synthesis Seed                                                             ; 1                  ; 1                  ;
+----------------------------------------------------------------------------+--------------------+--------------------+


Parallel compilation was disabled, but you have multiple processors available. Enable parallel compilation to reduce compilation time.
+-------------------------------------+
; Parallel Compilation                ;
+----------------------------+--------+
; Processors                 ; Number ;
+----------------------------+--------+
; Number detected on machine ; 4      ;
; Maximum allowed            ; 1      ;
+----------------------------+--------+


+--------------------------------------------------------------------------------------------------------------------------------------------------------------------------------+
; Analysis & Synthesis Source Files Read                                                                                                                                         ;
+-----------------------------------+-----------------+------------------------------+-------------------------------------------------------------------------------------------+
; File Name with User-Entered Path  ; Used in Netlist ; File Type                    ; File Name with Absolute Path                                                              ;
+-----------------------------------+-----------------+------------------------------+-------------------------------------------------------------------------------------------+
; ../HiddenLayer/multiply.sv        ; yes             ; User SystemVerilog HDL File  ; C:/Users/MED203-8/Desktop/FYP_DrowsinessDetector/HiddenLayer/multiply.sv                  ;
; ../HiddenLayer/HiddenLayer_Top.sv ; yes             ; User SystemVerilog HDL File  ; C:/Users/MED203-8/Desktop/FYP_DrowsinessDetector/HiddenLayer/HiddenLayer_Top.sv           ;
; ../WeightOptimization/counter.sv  ; yes             ; User SystemVerilog HDL File  ; C:/Users/MED203-8/Desktop/FYP_DrowsinessDetector/WeightOptimization/counter.sv            ;
; ../WeightInitiallize/LFSR.sv      ; yes             ; User SystemVerilog HDL File  ; C:/Users/MED203-8/Desktop/FYP_DrowsinessDetector/WeightInitiallize/LFSR.sv                ;
; ../WeightInitiallize/WeightRAM.sv ; yes             ; User SystemVerilog HDL File  ; C:/Users/MED203-8/Desktop/FYP_DrowsinessDetector/WeightInitiallize/WeightRAM.sv           ;
; DrowsinessDetector.sv             ; yes             ; User SystemVerilog HDL File  ; C:/Users/MED203-8/Desktop/FYP_DrowsinessDetector/DrowsinessDectetor/DrowsinessDetector.sv ;
+-----------------------------------+-----------------+------------------------------+-------------------------------------------------------------------------------------------+


+-----------------------------------------------------------+
; Analysis & Synthesis Resource Usage Summary               ;
+---------------------------------------------+-------------+
; Resource                                    ; Usage       ;
+---------------------------------------------+-------------+
; Estimated Total logic elements              ; 2,327       ;
;                                             ;             ;
; Total combinational functions               ; 1049        ;
; Logic element usage by number of LUT inputs ;             ;
;     -- 4 input functions                    ; 908         ;
;     -- 3 input functions                    ; 29          ;
;     -- <=2 input functions                  ; 112         ;
;                                             ;             ;
; Logic elements by mode                      ;             ;
;     -- normal mode                          ; 1040        ;
;     -- arithmetic mode                      ; 9           ;
;                                             ;             ;
; Total registers                             ; 1314        ;
;     -- Dedicated logic registers            ; 1314        ;
;     -- I/O registers                        ; 0           ;
;                                             ;             ;
; I/O pins                                    ; 133         ;
; Maximum fan-out node                        ; Clock~input ;
; Maximum fan-out                             ; 1314        ;
; Total fan-out                               ; 9325        ;
; Average fan-out                             ; 3.55        ;
+---------------------------------------------+-------------+


+----------------------------------------------------------------------------------------------------------------------------------------------------------------------------------------------------------+
; Analysis & Synthesis Resource Utilization by Entity                                                                                                                                                      ;
+----------------------------+-------------------+--------------+-------------+------------+--------------+---------+-----------+------+--------------+-------------------------------------+--------------+
; Compilation Hierarchy Node ; LC Combinationals ; LC Registers ; Memory Bits ; DSP Blocks ; DSP Elements ; DSP 9x9 ; DSP 18x18 ; Pins ; Virtual Pins ; Full Hierarchy Name                 ; Library Name ;
+----------------------------+-------------------+--------------+-------------+------------+--------------+---------+-----------+------+--------------+-------------------------------------+--------------+
; |DrowsinessDetector        ; 1049 (22)         ; 1314 (3)     ; 0           ; 0          ; 0            ; 0       ; 0         ; 133  ; 0            ; |DrowsinessDetector                 ;              ;
;    |LFSR:rndnm|            ; 2 (2)             ; 10 (10)      ; 0           ; 0          ; 0            ; 0       ; 0         ; 0    ; 0            ; |DrowsinessDetector|LFSR:rndnm      ;              ;
;    |WeightRAM:ram|         ; 1010 (1010)       ; 1290 (1290)  ; 0           ; 0          ; 0            ; 0       ; 0         ; 0    ; 0            ; |DrowsinessDetector|WeightRAM:ram   ;              ;
;    |counter:count65|       ; 15 (15)           ; 11 (11)      ; 0           ; 0          ; 0            ; 0       ; 0         ; 0    ; 0            ; |DrowsinessDetector|counter:count65 ;              ;
+----------------------------+-------------------+--------------+-------------+------------+--------------+---------+-----------+------+--------------+-------------------------------------+--------------+
Note: For table entries with two numbers listed, the numbers in parentheses indicate the number of resources of the given type used by the specific entity alone. The numbers listed outside of parentheses indicate the total resources of the given type used by the specific entity and all of its sub-entities in the hierarchy.


Encoding Type:  One-Hot
+-------------------------------------------------------------------------------------------------------------------------+
; State Machine - |DrowsinessDetector|state                                                                               ;
+-------------------------+-------------+------------------+-------------------------+------------+-----------------------+
; Name                    ; state.halt1 ; state.readWeight ; state.weightInitiallize ; state.halt ; state.hiddenLayer_top ;
+-------------------------+-------------+------------------+-------------------------+------------+-----------------------+
; state.halt              ; 0           ; 0                ; 0                       ; 0          ; 0                     ;
; state.weightInitiallize ; 0           ; 0                ; 1                       ; 1          ; 0                     ;
; state.readWeight        ; 0           ; 1                ; 0                       ; 1          ; 0                     ;
; state.halt1             ; 1           ; 0                ; 0                       ; 1          ; 0                     ;
; state.hiddenLayer_top   ; 0           ; 0                ; 0                       ; 1          ; 1                     ;
+-------------------------+-------------+------------------+-------------------------+------------+-----------------------+


+--------------------------------------------------------------------------------------------------------+
; User-Specified and Inferred Latches                                                                    ;
+-----------------------------------------------------+-------------------------+------------------------+
; Latch Name                                          ; Latch Enable Signal     ; Free of Timing Hazards ;
+-----------------------------------------------------+-------------------------+------------------------+
; dataIn[0]$latch                                     ; state.weightInitiallize ; yes                    ;
; dataIn[1]$latch                                     ; state.weightInitiallize ; yes                    ;
; dataIn[2]$latch                                     ; state.weightInitiallize ; yes                    ;
; dataIn[3]$latch                                     ; state.weightInitiallize ; yes                    ;
; dataIn[4]$latch                                     ; state.weightInitiallize ; yes                    ;
; dataIn[5]$latch                                     ; state.weightInitiallize ; yes                    ;
; dataIn[6]$latch                                     ; state.weightInitiallize ; yes                    ;
; dataIn[7]$latch                                     ; state.weightInitiallize ; yes                    ;
; dataIn[8]$latch                                     ; state.weightInitiallize ; yes                    ;
; dataIn[9]$latch                                     ; state.weightInitiallize ; yes                    ;
; WE                                                  ; state.halt              ; yes                    ;
; max                                                 ; WideOr0                 ; yes                    ;
; on                                                  ; state.hiddenLayer_top   ; yes                    ;
; nextState.weightInitiallize_287                     ; Selector9               ; yes                    ;
; nextState.halt_297                                  ; Selector10              ; yes                    ;
; nextState.hiddenLayer_top_267                       ; Selector9               ; yes                    ;
; Number of user-specified and inferred latches = 16  ;                         ;                        ;
+-----------------------------------------------------+-------------------------+------------------------+
Note: All latches listed above may not be present at the end of synthesis due to various synthesis optimizations.


+---------------------------------------------------------------------------------------+
; Registers Removed During Synthesis                                                    ;
+----------------------------------------+----------------------------------------------+
; Register name                          ; Reason for Removal                           ;
+----------------------------------------+----------------------------------------------+
; HiddenLayer_top:getMul|outVal[1..9]    ; Merged with HiddenLayer_top:getMul|outVal[0] ;
; HiddenLayer_top:getMul|outVal[0]       ; Stuck at GND due to stuck port data_in       ;
; state.readWeight                       ; Lost fanout                                  ;
; state.halt1                            ; Lost fanout                                  ;
; state~4                                ; Lost fanout                                  ;
; state~5                                ; Lost fanout                                  ;
; state~7                                ; Lost fanout                                  ;
; Total Number of Removed Registers = 15 ;                                              ;
+----------------------------------------+----------------------------------------------+


+------------------------------------------------------+
; General Register Statistics                          ;
+----------------------------------------------+-------+
; Statistic                                    ; Value ;
+----------------------------------------------+-------+
; Total registers                              ; 1314  ;
; Number of registers using Synchronous Clear  ; 11    ;
; Number of registers using Synchronous Load   ; 0     ;
; Number of registers using Asynchronous Clear ; 1293  ;
; Number of registers using Asynchronous Load  ; 0     ;
; Number of registers using Clock Enable       ; 1300  ;
; Number of registers using Preset             ; 0     ;
+----------------------------------------------+-------+


+--------------------------------------------------+
; Inverted Register Statistics                     ;
+----------------------------------------+---------+
; Inverted Register                      ; Fan out ;
+----------------------------------------+---------+
; LFSR:rndnm|data[0]                     ; 2       ;
; LFSR:rndnm|data[1]                     ; 2       ;
; LFSR:rndnm|data[2]                     ; 2       ;
; LFSR:rndnm|data[3]                     ; 2       ;
; Total number of inverted registers = 4 ;         ;
+----------------------------------------+---------+


+------------------------------------------------------------------------------------------------------------------------------------------------------+
; Multiplexer Restructuring Statistics (Restructuring Performed)                                                                                       ;
+--------------------+-----------+---------------+----------------------+------------------------+------------+----------------------------------------+
; Multiplexer Inputs ; Bus Width ; Baseline Area ; Area if Restructured ; Saving if Restructured ; Registered ; Example Multiplexer Output             ;
+--------------------+-----------+---------------+----------------------+------------------------+------------+----------------------------------------+
; 128:1              ; 10 bits   ; 850 LEs       ; 850 LEs              ; 0 LEs                  ; Yes        ; |DrowsinessDetector|WeightRAM:ram|Q[0] ;
+--------------------+-----------+---------------+----------------------+------------------------+------------+----------------------------------------+


+------------------------------------------------------------------------------------+
; Parameter Settings for User Entity Instance: Top-level Entity: |DrowsinessDetector ;
+-------------------+-------+--------------------------------------------------------+
; Parameter Name    ; Value ; Type                                                   ;
+-------------------+-------+--------------------------------------------------------+
; halt              ; 0     ; Signed Integer                                         ;
; weightInitiallize ; 1     ; Signed Integer                                         ;
; readWeight        ; 2     ; Signed Integer                                         ;
; halt1             ; 3     ; Signed Integer                                         ;
; hiddenLayer_top   ; 4     ; Signed Integer                                         ;
+-------------------+-------+--------------------------------------------------------+
Note: In order to hide this table in the UI and the text report file, please set the "Show Parameter Settings in Synthesis Report" option in "Analysis and Synthesis Settings -> More Settings" to "Off".


+----------------------------------------------------------------------------------------------------------------------------------------------------------------------------------------------------------------+
; Port Connectivity Checks: "WeightRAM:ram"                                                                                                                                                                      ;
+---------+-------+----------+-----------------------------------------------------------------------------------------------------------------------------------------------------------------------------------+
; Port    ; Type  ; Severity ; Details                                                                                                                                                                           ;
+---------+-------+----------+-----------------------------------------------------------------------------------------------------------------------------------------------------------------------------------+
; Address ; Input ; Warning  ; Input port expression (10 bits) is wider than the input port (7 bits) it drives.  The 3 most-significant bit(s) in the expression will be dangling if they have no other fanouts. ;
+---------+-------+----------+-----------------------------------------------------------------------------------------------------------------------------------------------------------------------------------+


+--------------------------------------------------------------------------------------------------------------------------------------------------------------------------------+
; Port Connectivity Checks: "counter:count65"                                                                                                                                    ;
+-------------+--------+----------+----------------------------------------------------------------------------------------------------------------------------------------------+
; Port        ; Type   ; Severity ; Details                                                                                                                                      ;
+-------------+--------+----------+----------------------------------------------------------------------------------------------------------------------------------------------+
; max         ; Input  ; Warning  ; Input port expression (1 bits) is smaller than the input port (10 bits) it drives.  Extra input bit(s) "max[9..1]" will be connected to GND. ;
; count[9..7] ; Output ; Info     ; Connected to dangling logic. Logic that only feeds a dangling port will be removed.                                                          ;
+-------------+--------+----------+----------------------------------------------------------------------------------------------------------------------------------------------+


+----------------------------------------------------+
; Port Connectivity Checks: "HiddenLayer_top:getMul" ;
+-------+-------+----------+-------------------------+
; Port  ; Type  ; Severity ; Details                 ;
+-------+-------+----------+-------------------------+
; Clear ; Input ; Info     ; Stuck at GND            ;
+-------+-------+----------+-------------------------+


+-------------------------------+
; Analysis & Synthesis Messages ;
+-------------------------------+
Info: *******************************************************************
Info: Running Quartus II Analysis & Synthesis
    Info: Version 10.0 Build 218 06/27/2010 SJ Web Edition
    Info: Processing started: Fri Dec 15 16:08:54 2017
Info: Command: quartus_map --read_settings_files=on --write_settings_files=off DrowsinessDetector -c DrowsinessDetector
Info: Found 1 design units, including 1 entities, in source file /users/med203-8/desktop/fyp_drowsinessdetector/hiddenlayer/multiply.sv
    Info: Found entity 1: multiply
Info: Found 1 design units, including 1 entities, in source file /users/med203-8/desktop/fyp_drowsinessdetector/hiddenlayer/hiddenlayer_top.sv
    Info: Found entity 1: HiddenLayer_top
Info: Found 1 design units, including 1 entities, in source file /users/med203-8/desktop/fyp_drowsinessdetector/weightoptimization/counter.sv
    Info: Found entity 1: counter
Info: Found 1 design units, including 1 entities, in source file /users/med203-8/desktop/fyp_drowsinessdetector/weightinitiallize/lfsr.sv
    Info: Found entity 1: LFSR
Info: Found 1 design units, including 1 entities, in source file /users/med203-8/desktop/fyp_drowsinessdetector/weightinitiallize/weightram.sv
    Info: Found entity 1: WeightRAM
Info: Found 1 design units, including 1 entities, in source file drowsinessdetector.sv
    Info: Found entity 1: DrowsinessDetector
Warning (10236): Verilog HDL Implicit Net warning at DrowsinessDetector.sv(92): created implicit net for "Clear"
Warning (10236): Verilog HDL Implicit Net warning at DrowsinessDetector.sv(94): created implicit net for "max"
Info: Elaborating entity "DrowsinessDetector" for the top level hierarchy
Warning (10230): Verilog HDL assignment warning at DrowsinessDetector.sv(60): truncated value with size 10 to match size of target (1)
Warning (10230): Verilog HDL assignment warning at DrowsinessDetector.sv(81): truncated value with size 32 to match size of target (1)
Warning (10240): Verilog HDL Always Construct warning at DrowsinessDetector.sv(45): inferring latch(es) for variable "on", which holds its previous value in one or more paths through the always construct
Warning (10240): Verilog HDL Always Construct warning at DrowsinessDetector.sv(45): inferring latch(es) for variable "Clear", which holds its previous value in one or more paths through the always construct
Warning (10240): Verilog HDL Always Construct warning at DrowsinessDetector.sv(45): inferring latch(es) for variable "nextState", which holds its previous value in one or more paths through the always construct
Warning (10240): Verilog HDL Always Construct warning at DrowsinessDetector.sv(45): inferring latch(es) for variable "WE", which holds its previous value in one or more paths through the always construct
Warning (10240): Verilog HDL Always Construct warning at DrowsinessDetector.sv(45): inferring latch(es) for variable "dataIn", which holds its previous value in one or more paths through the always construct
Warning (10240): Verilog HDL Always Construct warning at DrowsinessDetector.sv(45): inferring latch(es) for variable "max", which holds its previous value in one or more paths through the always construct
Warning (10240): Verilog HDL Always Construct warning at DrowsinessDetector.sv(45): inferring latch(es) for variable "inVal", which holds its previous value in one or more paths through the always construct
Info (10041): Inferred latch for "inVal[0]" at DrowsinessDetector.sv(45)
Info (10041): Inferred latch for "inVal[1]" at DrowsinessDetector.sv(45)
Info (10041): Inferred latch for "inVal[2]" at DrowsinessDetector.sv(45)
Info (10041): Inferred latch for "inVal[3]" at DrowsinessDetector.sv(45)
Info (10041): Inferred latch for "inVal[4]" at DrowsinessDetector.sv(45)
Info (10041): Inferred latch for "inVal[5]" at DrowsinessDetector.sv(45)
Info (10041): Inferred latch for "inVal[6]" at DrowsinessDetector.sv(45)
Info (10041): Inferred latch for "inVal[7]" at DrowsinessDetector.sv(45)
Info (10041): Inferred latch for "inVal[8]" at DrowsinessDetector.sv(45)
Info (10041): Inferred latch for "inVal[9]" at DrowsinessDetector.sv(45)
Info (10041): Inferred latch for "max" at DrowsinessDetector.sv(45)
Info (10041): Inferred latch for "dataIn[0]" at DrowsinessDetector.sv(45)
Info (10041): Inferred latch for "dataIn[1]" at DrowsinessDetector.sv(45)
Info (10041): Inferred latch for "dataIn[2]" at DrowsinessDetector.sv(45)
Info (10041): Inferred latch for "dataIn[3]" at DrowsinessDetector.sv(45)
Info (10041): Inferred latch for "dataIn[4]" at DrowsinessDetector.sv(45)
Info (10041): Inferred latch for "dataIn[5]" at DrowsinessDetector.sv(45)
Info (10041): Inferred latch for "dataIn[6]" at DrowsinessDetector.sv(45)
Info (10041): Inferred latch for "dataIn[7]" at DrowsinessDetector.sv(45)
Info (10041): Inferred latch for "dataIn[8]" at DrowsinessDetector.sv(45)
Info (10041): Inferred latch for "dataIn[9]" at DrowsinessDetector.sv(45)
Info (10041): Inferred latch for "WE" at DrowsinessDetector.sv(45)
Info (10041): Inferred latch for "nextState.hiddenLayer_top" at DrowsinessDetector.sv(45)
Info (10041): Inferred latch for "nextState.readWeight" at DrowsinessDetector.sv(45)
Info (10041): Inferred latch for "nextState.weightInitiallize" at DrowsinessDetector.sv(45)
Info (10041): Inferred latch for "nextState.halt" at DrowsinessDetector.sv(45)
Info (10041): Inferred latch for "Clear" at DrowsinessDetector.sv(45)
Info (10041): Inferred latch for "on" at DrowsinessDetector.sv(45)
Info: Elaborating entity "HiddenLayer_top" for hierarchy "HiddenLayer_top:getMul"
Info: Elaborating entity "multiply" for hierarchy "HiddenLayer_top:getMul|multiply:mul"
Warning (10230): Verilog HDL assignment warning at multiply.sv(9): truncated value with size 32 to match size of target (10)
Info: Elaborating entity "LFSR" for hierarchy "LFSR:rndnm"
Info: Elaborating entity "counter" for hierarchy "counter:count65"
Info: Elaborating entity "WeightRAM" for hierarchy "WeightRAM:ram"
Warning (10027): Verilog HDL or VHDL warning at the WeightRAM.sv(20): index expression is not wide enough to address all of the elements in the array
Warning (10230): Verilog HDL assignment warning at WeightRAM.sv(20): truncated value with size 480 to match size of target (10)
Warning (10240): Verilog HDL Always Construct warning at WeightRAM.sv(13): inferring latch(es) for variable "count", which holds its previous value in one or more paths through the always construct
Warning: 2 hierarchies have connectivity warnings - see the Connectivity Checks report folder
Warning: Latch max has unsafe behavior
    Warning: Ports D and ENA on the latch are fed by the same signal state.hiddenLayer_top
Warning: Latch nextState.weightInitiallize_287 has unsafe behavior
    Warning: Ports D and ENA on the latch are fed by the same signal state.halt
Warning: Latch nextState.halt_297 has unsafe behavior
    Warning: Ports D and ENA on the latch are fed by the same signal state.halt
Warning: Latch nextState.hiddenLayer_top_267 has unsafe behavior
    Warning: Ports D and ENA on the latch are fed by the same signal state.halt
Info: Registers with preset signals will power-up high
Info: DEV_CLRn pin will set, and not reset, register with preset signal due to NOT Gate Push-Back
Warning: Output pins are stuck at VCC or GND
    Warning (13410): Pin "outVal[0]" is stuck at GND
    Warning (13410): Pin "outVal[1]" is stuck at GND
    Warning (13410): Pin "outVal[2]" is stuck at GND
    Warning (13410): Pin "outVal[3]" is stuck at GND
    Warning (13410): Pin "outVal[4]" is stuck at GND
    Warning (13410): Pin "outVal[5]" is stuck at GND
    Warning (13410): Pin "outVal[6]" is stuck at GND
    Warning (13410): Pin "outVal[7]" is stuck at GND
    Warning (13410): Pin "outVal[8]" is stuck at GND
    Warning (13410): Pin "outVal[9]" is stuck at GND
Info: Timing-Driven Synthesis is running
Info: 5 registers lost all their fanouts during netlist optimizations. The first 5 are displayed below.
    Info: Register "state.readWeight" lost all its fanouts during netlist optimizations.
    Info: Register "state.halt1" lost all its fanouts during netlist optimizations.
    Info: Register "state~4" lost all its fanouts during netlist optimizations.
    Info: Register "state~5" lost all its fanouts during netlist optimizations.
    Info: Register "state~7" lost all its fanouts during netlist optimizations.
Info: Generating hard_block partition "hard_block:auto_generated_inst"
Warning: Design contains 100 input pin(s) that do not drive logic
    Warning (15610): No output dependent on input pin "in[9][0]"
    Warning (15610): No output dependent on input pin "in[9][1]"
    Warning (15610): No output dependent on input pin "in[9][2]"
    Warning (15610): No output dependent on input pin "in[9][3]"
    Warning (15610): No output dependent on input pin "in[9][4]"
    Warning (15610): No output dependent on input pin "in[9][5]"
    Warning (15610): No output dependent on input pin "in[9][6]"
    Warning (15610): No output dependent on input pin "in[9][7]"
    Warning (15610): No output dependent on input pin "in[9][8]"
    Warning (15610): No output dependent on input pin "in[9][9]"
    Warning (15610): No output dependent on input pin "in[8][0]"
    Warning (15610): No output dependent on input pin "in[8][1]"
    Warning (15610): No output dependent on input pin "in[8][2]"
    Warning (15610): No output dependent on input pin "in[8][3]"
    Warning (15610): No output dependent on input pin "in[8][4]"
    Warning (15610): No output dependent on input pin "in[8][5]"
    Warning (15610): No output dependent on input pin "in[8][6]"
    Warning (15610): No output dependent on input pin "in[8][7]"
    Warning (15610): No output dependent on input pin "in[8][8]"
    Warning (15610): No output dependent on input pin "in[8][9]"
    Warning (15610): No output dependent on input pin "in[7][0]"
    Warning (15610): No output dependent on input pin "in[7][1]"
    Warning (15610): No output dependent on input pin "in[7][2]"
    Warning (15610): No output dependent on input pin "in[7][3]"
    Warning (15610): No output dependent on input pin "in[7][4]"
    Warning (15610): No output dependent on input pin "in[7][5]"
    Warning (15610): No output dependent on input pin "in[7][6]"
    Warning (15610): No output dependent on input pin "in[7][7]"
    Warning (15610): No output dependent on input pin "in[7][8]"
    Warning (15610): No output dependent on input pin "in[7][9]"
    Warning (15610): No output dependent on input pin "in[6][0]"
    Warning (15610): No output dependent on input pin "in[6][1]"
    Warning (15610): No output dependent on input pin "in[6][2]"
    Warning (15610): No output dependent on input pin "in[6][3]"
    Warning (15610): No output dependent on input pin "in[6][4]"
    Warning (15610): No output dependent on input pin "in[6][5]"
    Warning (15610): No output dependent on input pin "in[6][6]"
    Warning (15610): No output dependent on input pin "in[6][7]"
    Warning (15610): No output dependent on input pin "in[6][8]"
    Warning (15610): No output dependent on input pin "in[6][9]"
    Warning (15610): No output dependent on input pin "in[5][0]"
    Warning (15610): No output dependent on input pin "in[5][1]"
    Warning (15610): No output dependent on input pin "in[5][2]"
    Warning (15610): No output dependent on input pin "in[5][3]"
    Warning (15610): No output dependent on input pin "in[5][4]"
    Warning (15610): No output dependent on input pin "in[5][5]"
    Warning (15610): No output dependent on input pin "in[5][6]"
    Warning (15610): No output dependent on input pin "in[5][7]"
    Warning (15610): No output dependent on input pin "in[5][8]"
    Warning (15610): No output dependent on input pin "in[5][9]"
    Warning (15610): No output dependent on input pin "in[4][0]"
    Warning (15610): No output dependent on input pin "in[4][1]"
    Warning (15610): No output dependent on input pin "in[4][2]"
    Warning (15610): No output dependent on input pin "in[4][3]"
    Warning (15610): No output dependent on input pin "in[4][4]"
    Warning (15610): No output dependent on input pin "in[4][5]"
    Warning (15610): No output dependent on input pin "in[4][6]"
    Warning (15610): No output dependent on input pin "in[4][7]"
    Warning (15610): No output dependent on input pin "in[4][8]"
    Warning (15610): No output dependent on input pin "in[4][9]"
    Warning (15610): No output dependent on input pin "in[3][0]"
    Warning (15610): No output dependent on input pin "in[3][1]"
    Warning (15610): No output dependent on input pin "in[3][2]"
    Warning (15610): No output dependent on input pin "in[3][3]"
    Warning (15610): No output dependent on input pin "in[3][4]"
    Warning (15610): No output dependent on input pin "in[3][5]"
    Warning (15610): No output dependent on input pin "in[3][6]"
    Warning (15610): No output dependent on input pin "in[3][7]"
    Warning (15610): No output dependent on input pin "in[3][8]"
    Warning (15610): No output dependent on input pin "in[3][9]"
    Warning (15610): No output dependent on input pin "in[2][0]"
    Warning (15610): No output dependent on input pin "in[2][1]"
    Warning (15610): No output dependent on input pin "in[2][2]"
    Warning (15610): No output dependent on input pin "in[2][3]"
    Warning (15610): No output dependent on input pin "in[2][4]"
    Warning (15610): No output dependent on input pin "in[2][5]"
    Warning (15610): No output dependent on input pin "in[2][6]"
    Warning (15610): No output dependent on input pin "in[2][7]"
    Warning (15610): No output dependent on input pin "in[2][8]"
    Warning (15610): No output dependent on input pin "in[2][9]"
    Warning (15610): No output dependent on input pin "in[1][0]"
    Warning (15610): No output dependent on input pin "in[1][1]"
    Warning (15610): No output dependent on input pin "in[1][2]"
    Warning (15610): No output dependent on input pin "in[1][3]"
    Warning (15610): No output dependent on input pin "in[1][4]"
    Warning (15610): No output dependent on input pin "in[1][5]"
    Warning (15610): No output dependent on input pin "in[1][6]"
    Warning (15610): No output dependent on input pin "in[1][7]"
    Warning (15610): No output dependent on input pin "in[1][8]"
    Warning (15610): No output dependent on input pin "in[1][9]"
    Warning (15610): No output dependent on input pin "in[0][0]"
    Warning (15610): No output dependent on input pin "in[0][1]"
    Warning (15610): No output dependent on input pin "in[0][2]"
    Warning (15610): No output dependent on input pin "in[0][3]"
    Warning (15610): No output dependent on input pin "in[0][4]"
    Warning (15610): No output dependent on input pin "in[0][5]"
    Warning (15610): No output dependent on input pin "in[0][6]"
    Warning (15610): No output dependent on input pin "in[0][7]"
    Warning (15610): No output dependent on input pin "in[0][8]"
    Warning (15610): No output dependent on input pin "in[0][9]"
Info: Implemented 2472 device resources after synthesis - the final resource count might be different
    Info: Implemented 103 input pins
    Info: Implemented 30 output pins
    Info: Implemented 2339 logic cells
Info: Quartus II Analysis & Synthesis was successful. 0 errors, 136 warnings
    Info: Peak virtual memory: 616 megabytes
    Info: Processing ended: Fri Dec 15 16:09:02 2017
    Info: Elapsed time: 00:00:08
    Info: Total CPU time (on all processors): 00:00:08


