------------------------------------------------------------
TimeQuest Timing Analyzer Summary
------------------------------------------------------------

Type  : Slow 1200mV 85C Model Setup 'Clock'
Slack : -7.670
TNS   : -6747.046

Type  : Slow 1200mV 85C Model Setup 'state.weightInitiallize'
Slack : -0.517
TNS   : -0.984

Type  : Slow 1200mV 85C Model Setup 'state.halt'
Slack : -0.376
TNS   : -0.686

Type  : Slow 1200mV 85C Model Setup 'state.hiddenLayer_top'
Slack : -0.120
TNS   : -0.120

Type  : Slow 1200mV 85C Model Setup 'counter:count65|stop'
Slack : 0.601
TNS   : 0.000

Type  : Slow 1200mV 85C Model Hold 'counter:count65|stop'
Slack : -1.419
TNS   : -3.913

Type  : Slow 1200mV 85C Model Hold 'state.weightInitiallize'
Slack : -1.141
TNS   : -10.588

Type  : Slow 1200mV 85C Model Hold 'state.hiddenLayer_top'
Slack : -1.103
TNS   : -2.175

Type  : Slow 1200mV 85C Model Hold 'state.halt'
Slack : -0.687
TNS   : -2.131

Type  : Slow 1200mV 85C Model Hold 'Clock'
Slack : 0.029
TNS   : 0.000

Type  : Slow 1200mV 85C Model Minimum Pulse Width 'Clock'
Slack : -3.000
TNS   : -1691.490

Type  : Slow 1200mV 85C Model Minimum Pulse Width 'state.weightInitiallize'
Slack : 0.337
TNS   : 0.000

Type  : Slow 1200mV 85C Model Minimum Pulse Width 'state.hiddenLayer_top'
Slack : 0.403
TNS   : 0.000

Type  : Slow 1200mV 85C Model Minimum Pulse Width 'state.halt'
Slack : 0.409
TNS   : 0.000

Type  : Slow 1200mV 85C Model Minimum Pulse Width 'counter:count65|stop'
Slack : 0.434
TNS   : 0.000

Type  : Slow 1200mV 0C Model Setup 'Clock'
Slack : -6.962
TNS   : -6138.865

Type  : Slow 1200mV 0C Model Setup 'state.weightInitiallize'
Slack : -0.483
TNS   : -0.962

Type  : Slow 1200mV 0C Model Setup 'state.halt'
Slack : -0.286
TNS   : -0.561

Type  : Slow 1200mV 0C Model Setup 'state.hiddenLayer_top'
Slack : -0.093
TNS   : -0.093

Type  : Slow 1200mV 0C Model Setup 'counter:count65|stop'
Slack : 0.430
TNS   : 0.000

Type  : Slow 1200mV 0C Model Hold 'counter:count65|stop'
Slack : -1.248
TNS   : -3.407

Type  : Slow 1200mV 0C Model Hold 'state.hiddenLayer_top'
Slack : -1.054
TNS   : -2.017

Type  : Slow 1200mV 0C Model Hold 'state.weightInitiallize'
Slack : -1.022
TNS   : -8.287

Type  : Slow 1200mV 0C Model Hold 'state.halt'
Slack : -0.530
TNS   : -1.655

Type  : Slow 1200mV 0C Model Hold 'Clock'
Slack : 0.032
TNS   : 0.000

Type  : Slow 1200mV 0C Model Minimum Pulse Width 'Clock'
Slack : -3.000
TNS   : -1691.490

Type  : Slow 1200mV 0C Model Minimum Pulse Width 'counter:count65|stop'
Slack : 0.364
TNS   : 0.000

Type  : Slow 1200mV 0C Model Minimum Pulse Width 'state.weightInitiallize'
Slack : 0.399
TNS   : 0.000

Type  : Slow 1200mV 0C Model Minimum Pulse Width 'state.halt'
Slack : 0.419
TNS   : 0.000

Type  : Slow 1200mV 0C Model Minimum Pulse Width 'state.hiddenLayer_top'
Slack : 0.424
TNS   : 0.000

Type  : Fast 1200mV 0C Model Setup 'Clock'
Slack : -3.479
TNS   : -2884.760

Type  : Fast 1200mV 0C Model Setup 'state.weightInitiallize'
Slack : 0.034
TNS   : 0.000

Type  : Fast 1200mV 0C Model Setup 'state.halt'
Slack : 0.071
TNS   : 0.000

Type  : Fast 1200mV 0C Model Setup 'state.hiddenLayer_top'
Slack : 0.207
TNS   : 0.000

Type  : Fast 1200mV 0C Model Setup 'counter:count65|stop'
Slack : 0.605
TNS   : 0.000

Type  : Fast 1200mV 0C Model Hold 'counter:count65|stop'
Slack : -0.975
TNS   : -2.394

Type  : Fast 1200mV 0C Model Hold 'state.halt'
Slack : -0.664
TNS   : -1.647

Type  : Fast 1200mV 0C Model Hold 'state.weightInitiallize'
Slack : -0.633
TNS   : -4.619

Type  : Fast 1200mV 0C Model Hold 'state.hiddenLayer_top'
Slack : -0.524
TNS   : -1.049

Type  : Fast 1200mV 0C Model Hold 'Clock'
Slack : -0.150
TNS   : -1.540

Type  : Fast 1200mV 0C Model Minimum Pulse Width 'Clock'
Slack : -3.000
TNS   : -2579.515

Type  : Fast 1200mV 0C Model Minimum Pulse Width 'state.weightInitiallize'
Slack : 0.260
TNS   : 0.000

Type  : Fast 1200mV 0C Model Minimum Pulse Width 'counter:count65|stop'
Slack : 0.274
TNS   : 0.000

Type  : Fast 1200mV 0C Model Minimum Pulse Width 'state.halt'
Slack : 0.343
TNS   : 0.000

Type  : Fast 1200mV 0C Model Minimum Pulse Width 'state.hiddenLayer_top'
Slack : 0.369
TNS   : 0.000

------------------------------------------------------------
