------------------------------------------------------------
TimeQuest Timing Analyzer Summary
------------------------------------------------------------

Type  : Slow 1200mV 85C Model Setup 'KEY[1]'
Slack : -13.325
TNS   : -7123.154

Type  : Slow 1200mV 85C Model Setup 'SW[0]'
Slack : -3.451
TNS   : -23.943

Type  : Slow 1200mV 85C Model Hold 'KEY[1]'
Slack : -0.297
TNS   : -2.079

Type  : Slow 1200mV 85C Model Hold 'SW[0]'
Slack : 0.551
TNS   : 0.000

Type  : Slow 1200mV 85C Model Minimum Pulse Width 'KEY[1]'
Slack : -3.000
TNS   : -1020.720

Type  : Slow 1200mV 85C Model Minimum Pulse Width 'SW[0]'
Slack : -3.000
TNS   : -163.625

Type  : Slow 1200mV 0C Model Setup 'KEY[1]'
Slack : -12.228
TNS   : -6517.717

Type  : Slow 1200mV 0C Model Setup 'SW[0]'
Slack : -3.127
TNS   : -21.009

Type  : Slow 1200mV 0C Model Hold 'KEY[1]'
Slack : -0.262
TNS   : -1.834

Type  : Slow 1200mV 0C Model Hold 'SW[0]'
Slack : 0.507
TNS   : 0.000

Type  : Slow 1200mV 0C Model Minimum Pulse Width 'KEY[1]'
Slack : -3.000
TNS   : -1020.720

Type  : Slow 1200mV 0C Model Minimum Pulse Width 'SW[0]'
Slack : -3.000
TNS   : -163.625

Type  : Fast 1200mV 0C Model Setup 'KEY[1]'
Slack : -6.701
TNS   : -3311.697

Type  : Fast 1200mV 0C Model Setup 'SW[0]'
Slack : -1.192
TNS   : -6.414

Type  : Fast 1200mV 0C Model Hold 'KEY[1]'
Slack : -0.150
TNS   : -1.050

Type  : Fast 1200mV 0C Model Hold 'SW[0]'
Slack : 0.148
TNS   : 0.000

Type  : Fast 1200mV 0C Model Minimum Pulse Width 'KEY[1]'
Slack : -3.000
TNS   : -1653.258

Type  : Fast 1200mV 0C Model Minimum Pulse Width 'SW[0]'
Slack : -3.000
TNS   : -276.975

------------------------------------------------------------
