------------------------------------------------------------
TimeQuest Timing Analyzer Summary
------------------------------------------------------------

Type  : Slow 1200mV 85C Model Setup 'SW[17]'
Slack : -1.717
TNS   : -6.977

Type  : Slow 1200mV 85C Model Setup 'KEY[0]'
Slack : 0.034
TNS   : 0.000

Type  : Slow 1200mV 85C Model Hold 'KEY[0]'
Slack : 0.384
TNS   : 0.000

Type  : Slow 1200mV 85C Model Hold 'SW[17]'
Slack : 0.385
TNS   : 0.000

Type  : Slow 1200mV 85C Model Minimum Pulse Width 'SW[17]'
Slack : -3.000
TNS   : -37.695

Type  : Slow 1200mV 85C Model Minimum Pulse Width 'KEY[0]'
Slack : -3.000
TNS   : -13.280

Type  : Slow 1200mV 0C Model Setup 'SW[17]'
Slack : -1.432
TNS   : -5.729

Type  : Slow 1200mV 0C Model Setup 'KEY[0]'
Slack : 0.129
TNS   : 0.000

Type  : Slow 1200mV 0C Model Hold 'SW[17]'
Slack : 0.336
TNS   : 0.000

Type  : Slow 1200mV 0C Model Hold 'KEY[0]'
Slack : 0.353
TNS   : 0.000

Type  : Slow 1200mV 0C Model Minimum Pulse Width 'SW[17]'
Slack : -3.000
TNS   : -37.695

Type  : Slow 1200mV 0C Model Minimum Pulse Width 'KEY[0]'
Slack : -3.000
TNS   : -13.280

Type  : Fast 1200mV 0C Model Setup 'SW[17]'
Slack : -0.326
TNS   : -0.890

Type  : Fast 1200mV 0C Model Setup 'KEY[0]'
Slack : 0.504
TNS   : 0.000

Type  : Fast 1200mV 0C Model Hold 'KEY[0]'
Slack : 0.147
TNS   : 0.000

Type  : Fast 1200mV 0C Model Hold 'SW[17]'
Slack : 0.164
TNS   : 0.000

Type  : Fast 1200mV 0C Model Minimum Pulse Width 'SW[17]'
Slack : -3.000
TNS   : -55.922

Type  : Fast 1200mV 0C Model Minimum Pulse Width 'KEY[0]'
Slack : -3.000
TNS   : -18.680

------------------------------------------------------------
