------------------------------------------------------------
TimeQuest Timing Analyzer Summary
------------------------------------------------------------

Type  : Slow 1200mV 85C Model Setup 'CLOCK_50'
Slack : -162.788
TNS   : -125265.203

Type  : Slow 1200mV 85C Model Setup 'DrowsinessDetector1:main|clk_div:slow|clk_track'
Slack : -2.124
TNS   : -23.520

Type  : Slow 1200mV 85C Model Hold 'CLOCK_50'
Slack : 0.056
TNS   : 0.000

Type  : Slow 1200mV 85C Model Hold 'DrowsinessDetector1:main|clk_div:slow|clk_track'
Slack : 0.386
TNS   : 0.000

Type  : Slow 1200mV 85C Model Recovery 'DrowsinessDetector1:main|clk_div:slow|clk_track'
Slack : -0.209
TNS   : -0.724

Type  : Slow 1200mV 85C Model Removal 'DrowsinessDetector1:main|clk_div:slow|clk_track'
Slack : 0.364
TNS   : 0.000

Type  : Slow 1200mV 85C Model Minimum Pulse Width 'CLOCK_50'
Slack : -3.000
TNS   : -4962.780

Type  : Slow 1200mV 85C Model Minimum Pulse Width 'DrowsinessDetector1:main|clk_div:slow|clk_track'
Slack : -1.285
TNS   : -26.985

Type  : Slow 1200mV 0C Model Setup 'CLOCK_50'
Slack : -147.411
TNS   : -113553.187

Type  : Slow 1200mV 0C Model Setup 'DrowsinessDetector1:main|clk_div:slow|clk_track'
Slack : -1.867
TNS   : -20.343

Type  : Slow 1200mV 0C Model Hold 'CLOCK_50'
Slack : 0.126
TNS   : 0.000

Type  : Slow 1200mV 0C Model Hold 'DrowsinessDetector1:main|clk_div:slow|clk_track'
Slack : 0.336
TNS   : 0.000

Type  : Slow 1200mV 0C Model Recovery 'DrowsinessDetector1:main|clk_div:slow|clk_track'
Slack : -0.144
TNS   : -0.288

Type  : Slow 1200mV 0C Model Removal 'DrowsinessDetector1:main|clk_div:slow|clk_track'
Slack : 0.393
TNS   : 0.000

Type  : Slow 1200mV 0C Model Minimum Pulse Width 'CLOCK_50'
Slack : -3.000
TNS   : -4962.780

Type  : Slow 1200mV 0C Model Minimum Pulse Width 'DrowsinessDetector1:main|clk_div:slow|clk_track'
Slack : -1.285
TNS   : -26.985

Type  : Fast 1200mV 0C Model Setup 'CLOCK_50'
Slack : -80.884
TNS   : -61404.330

Type  : Fast 1200mV 0C Model Setup 'DrowsinessDetector1:main|clk_div:slow|clk_track'
Slack : -0.575
TNS   : -6.155

Type  : Fast 1200mV 0C Model Hold 'CLOCK_50'
Slack : -0.032
TNS   : -0.032

Type  : Fast 1200mV 0C Model Hold 'DrowsinessDetector1:main|clk_div:slow|clk_track'
Slack : 0.162
TNS   : 0.000

Type  : Fast 1200mV 0C Model Recovery 'DrowsinessDetector1:main|clk_div:slow|clk_track'
Slack : 0.039
TNS   : 0.000

Type  : Fast 1200mV 0C Model Removal 'DrowsinessDetector1:main|clk_div:slow|clk_track'
Slack : 0.470
TNS   : 0.000

Type  : Fast 1200mV 0C Model Minimum Pulse Width 'CLOCK_50'
Slack : -3.000
TNS   : -8347.534

Type  : Fast 1200mV 0C Model Minimum Pulse Width 'DrowsinessDetector1:main|clk_div:slow|clk_track'
Slack : -1.899
TNS   : -39.879

------------------------------------------------------------
