--------------------------------------------------------------------------------------
Timing Analyzer Summary
--------------------------------------------------------------------------------------

Type           : Worst-case tsu
Slack          : N/A
Required Time  : None
Actual Time    : 159.232 ns
From           : out1_cal[0][5]
To             : WeightRAM:getWeight1_0|REGISTER[54][9]
From Clock     : --
To Clock       : Clock
Failed Paths   : 0

Type           : Worst-case tco
Slack          : N/A
Required Time  : None
Actual Time    : 105.177 ns
From           : WeightRAM:getWeight1_1|Q[3][9]
To             : delta0[3][0]
From Clock     : Clock
To Clock       : --
Failed Paths   : 0

Type           : Worst-case tpd
Slack          : N/A
Required Time  : None
Actual Time    : 250.024 ns
From           : out1_cal[0][5]
To             : delta0[3][0]
From Clock     : --
To Clock       : --
Failed Paths   : 0

Type           : Worst-case th
Slack          : N/A
Required Time  : None
Actual Time    : -1.233 ns
From           : Rst
To             : WeightRAM:getWeight1_2|count[12]
From Clock     : --
To Clock       : Clock
Failed Paths   : 0

Type           : Clock Setup: 'Clock'
Slack          : N/A
Required Time  : None
Actual Time    : 172.00 MHz ( period = 5.814 ns )
From           : WeightRAM:getWeight1_2|count[21]
To             : WeightRAM:getWeight1_1|REGISTER[57][4]
From Clock     : Clock
To Clock       : Clock
Failed Paths   : 0

Type           : Total number of failed paths
Slack          : 
Required Time  : 
Actual Time    : 
From           : 
To             : 
From Clock     : 
To Clock       : 
Failed Paths   : 0

--------------------------------------------------------------------------------------

